Test run for C:\Dev\libs\dotnet\dotnet-webkit-views\tests\JG.WebKit.Views.Tests\bin\Release\net8.0\JG.WebKit.Views.Tests.dll (.NETCoreApp,Version=v8.0)
VSTest version 18.0.1 (x64)

Starting test execution, please wait...
A total of 1 test files matched the specified pattern.
[xUnit.net 00:00:00.97]     JG.WebKit.Views.Tests.TokenizerTests.Tokenize_ElseIfTag_ReturnsElseIfToken [FAIL]
  Failed JG.WebKit.Views.Tests.TokenizerTests.Tokenize_ElseIfTag_ReturnsElseIfToken [1 ms]
  Error Message:
   System.InvalidOperationException : Unknown block tag: #elseif
  Stack Trace:
     at JG.WebKit.Views.Compilation.Tokenizer.ParseBlockTag(Int32 startLine, Int32 startCol) in C:\Dev\libs\dotnet\dotnet-webkit-views\src\JG.WebKit.Views\Compilation\Tokenizer.cs:line 202
   at JG.WebKit.Views.Compilation.Tokenizer.TokenizeTag() in C:\Dev\libs\dotnet\dotnet-webkit-views\src\JG.WebKit.Views\Compilation\Tokenizer.cs:line 132
   at JG.WebKit.Views.Compilation.Tokenizer.Tokenize() in C:\Dev\libs\dotnet\dotnet-webkit-views\src\JG.WebKit.Views\Compilation\Tokenizer.cs:line 53
   at JG.WebKit.Views.Tests.TokenizerTests.Tokenize_ElseIfTag_ReturnsElseIfToken() in C:\Dev\libs\dotnet\dotnet-webkit-views\tests\JG.WebKit.Views.Tests\TokenizerTests.cs:line 111
   at System.RuntimeMethodHandle.InvokeMethod(Object target, Void** arguments, Signature sig, Boolean isConstructor)
   at System.Reflection.MethodBaseInvoker.InvokeWithNoArgs(Object obj, BindingFlags invokeAttr)
